[2m2026-08-01T02:25:33.013305Z[0m [34mDEBUG[0m [2mplay_on_air::config[0m[2m:[0m config file not found; using defaults [3mpath[0m[2m=[0mplay-on-air.toml
[2m2026-08-01T02:25:33.013523Z[0m [32m INFO[0m [2mplay_on_air[0m[2m:[0m PlayOnAir starting (optional config loaded) [3mdevices[0m[2m=[0m0
[2m2026-08-01T02:25:33.014427Z[0m [32m INFO[0m [2mplay_on_air::discover[0m[2m:[0m browsing for Chromecast devices via dns-sd [3mservice[0m[2m=[0m"_googlecast._tcp"
[2m2026-08-01T02:25:38.038699Z[0m [32m INFO[0m [2mplay_on_air::discover[0m[2m:[0m Chromecast appeared [3mid[0m[2m=[0mf9ef5eee64e7c7b386849065ad12f102 [3mname[0m[2m=[0m85" The Frame [3mhost[0m[2m=[0m192.168.1.206 [3mport[0m[2m=[0m8009
[2m2026-08-01T02:25:38.055405Z[0m [32m INFO[0m [2mplay_on_air::discover[0m[2m:[0m Chromecast appeared [3mid[0m[2m=[0md417a9b9bf1ebe211639512dad18be1d [3mname[0m[2m=[0mPool Bathroom speaker [3mhost[0m[2m=[0m192.168.1.145 [3mport[0m[2m=[0m8009
[2m2026-08-01T02:25:38.069377Z[0m [32m INFO[0m [2mplay_on_air::discover[0m[2m:[0m Chromecast appeared [3mid[0m[2m=[0m7e5621b9975022b24ef6a17173a19135 [3mname[0m[2m=[0mMaster Bedroom speaker [3mhost[0m[2m=[0m192.168.1.171 [3mport[0m[2m=[0m8009
[2m2026-08-01T02:25:38.085016Z[0m [32m INFO[0m [2mplay_on_air::discover[0m[2m:[0m Chromecast appeared [3mid[0m[2m=[0m56cb7fe7e13f325625325c4a304c57fa [3mname[0m[2m=[0mGym speaker [3mhost[0m[2m=[0m192.168.1.213 [3mport[0m[2m=[0m8009
[2m2026-08-01T02:25:39.026618Z[0m [34mDEBUG[0m [2mplay_on_air::airplay[0m[2m:[0m AirPlay 2 receiver identity assigned [3mdevice_id[0m[2m=[0md417a9b9bf1ebe211639512dad18be1d [3mport[0m[2m=[0m5998 [3mhwaddr[0m[2m=[0m36:c0:86:00:20:da
[2m2026-08-01T02:25:39.027532Z[0m [32m INFO[0m [2mshairplay::net::ptp[0m[2m:[0m PTP sink active on 319/320 — accepting sender clock (keeps AP2 connect fast) [3mports[0m[2m=[0m2
[2m2026-08-01T02:25:39.742227Z[0m [32m INFO[0m [2mastro_dnssd::os::apple::register[0m[2m:[0m Got reply
[2m2026-08-01T02:25:39.742278Z[0m [32m INFO[0m [2mastro_dnssd::os::apple::register[0m[2m:[0m Reply info sent
[2m2026-08-01T02:25:39.742385Z[0m [32m INFO[0m [2mshairplay::net::mdns[0m[2m:[0m mDNS: _raop._tcp registered [3mname[0m[2m=[0m36C0860020DA@Pool Bathroom speaker [3mport[0m[2m=[0m5998
[2m2026-08-01T02:25:40.492228Z[0m [32m INFO[0m [2mastro_dnssd::os::apple::register[0m[2m:[0m Got reply
[2m2026-08-01T02:25:40.492294Z[0m [32m INFO[0m [2mastro_dnssd::os::apple::register[0m[2m:[0m Reply info sent
[2m2026-08-01T02:25:40.492334Z[0m [32m INFO[0m [2mshairplay::net::mdns[0m[2m:[0m mDNS: _airplay._tcp registered [3mname[0m[2m=[0mPool Bathroom speaker [3mport[0m[2m=[0m5998
[2m2026-08-01T02:25:40.492369Z[0m [32m INFO[0m [2mplay_on_air::airplay[0m[2m:[0m AirPlay 2 receiver started [3mdevice_id[0m[2m=[0md417a9b9bf1ebe211639512dad18be1d [3mname[0m[2m=[0mPool Bathroom speaker
[2m2026-08-01T02:25:40.492834Z[0m [34mDEBUG[0m [2mplay_on_air::airplay[0m[2m:[0m AirPlay 2 receiver identity assigned [3mdevice_id[0m[2m=[0m56cb7fe7e13f325625325c4a304c57fa [3mport[0m[2m=[0m5721 [3mhwaddr[0m[2m=[0m36:3c:5d:c9:12:c5
[2m2026-08-01T02:25:40.493314Z[0m [33m WARN[0m [2mshairplay::net::ptp[0m[2m:[0m PTP sink: cannot bind (ports <1024 may need sudo / setcap CAP_NET_BIND_SERVICE) [3mport[0m[2m=[0m319 [3merror[0m[2m=[0mAddress already in use (os error 48)
[2m2026-08-01T02:25:40.493370Z[0m [33m WARN[0m [2mshairplay::net::ptp[0m[2m:[0m PTP sink: cannot bind (ports <1024 may need sudo / setcap CAP_NET_BIND_SERVICE) [3mport[0m[2m=[0m320 [3merror[0m[2m=[0mAddress already in use (os error 48)
[2m2026-08-01T02:25:41.095246Z[0m [32m INFO[0m [2mastro_dnssd::os::apple::register[0m[2m:[0m Got reply
[2m2026-08-01T02:25:41.095299Z[0m [32m INFO[0m [2mastro_dnssd::os::apple::register[0m[2m:[0m Reply info sent
[2m2026-08-01T02:25:41.095331Z[0m [32m INFO[0m [2mshairplay::net::mdns[0m[2m:[0m mDNS: _raop._tcp registered [3mname[0m[2m=[0m363C5DC912C5@Gym speaker [3mport[0m[2m=[0m5721
[2m2026-08-01T02:25:41.823296Z[0m [32m INFO[0m [2mastro_dnssd::os::apple::register[0m[2m:[0m Got reply
[2m2026-08-01T02:25:41.823376Z[0m [32m INFO[0m [2mastro_dnssd::os::apple::register[0m[2m:[0m Reply info sent
[2m2026-08-01T02:25:41.823438Z[0m [32m INFO[0m [2mshairplay::net::mdns[0m[2m:[0m mDNS: _airplay._tcp registered [3mname[0m[2m=[0mGym speaker [3mport[0m[2m=[0m5721
[2m2026-08-01T02:25:41.823486Z[0m [32m INFO[0m [2mplay_on_air::airplay[0m[2m:[0m AirPlay 2 receiver started [3mdevice_id[0m[2m=[0m56cb7fe7e13f325625325c4a304c57fa [3mname[0m[2m=[0mGym speaker
[2m2026-08-01T02:25:41.824193Z[0m [34mDEBUG[0m [2mplay_on_air::airplay[0m[2m:[0m AirPlay 2 receiver identity assigned [3mdevice_id[0m[2m=[0mf9ef5eee64e7c7b386849065ad12f102 [3mport[0m[2m=[0m5123 [3mhwaddr[0m[2m=[0m7a:e6:82:86:f8:bf
[2m2026-08-01T02:25:41.824521Z[0m [33m WARN[0m [2mshairplay::net::ptp[0m[2m:[0m PTP sink: cannot bind (ports <1024 may need sudo / setcap CAP_NET_BIND_SERVICE) [3mport[0m[2m=[0m319 [3merror[0m[2m=[0mAddress already in use (os error 48)
[2m2026-08-01T02:25:41.824564Z[0m [33m WARN[0m [2mshairplay::net::ptp[0m[2m:[0m PTP sink: cannot bind (ports <1024 may need sudo / setcap CAP_NET_BIND_SERVICE) [3mport[0m[2m=[0m320 [3merror[0m[2m=[0mAddress already in use (os error 48)
[2m2026-08-01T02:25:42.450796Z[0m [32m INFO[0m [2mastro_dnssd::os::apple::register[0m[2m:[0m Got reply
[2m2026-08-01T02:25:42.450866Z[0m [32m INFO[0m [2mastro_dnssd::os::apple::register[0m[2m:[0m Reply info sent
[2m2026-08-01T02:25:42.450926Z[0m [32m INFO[0m [2mshairplay::net::mdns[0m[2m:[0m mDNS: _raop._tcp registered [3mname[0m[2m=[0m7AE68286F8BF@85" The Frame [3mport[0m[2m=[0m5123
[2m2026-08-01T02:25:43.100240Z[0m [32m INFO[0m [2mplay_on_air::discover[0m[2m:[0m Chromecast appeared [3mid[0m[2m=[0mf9ef5eee64e7c7b386849065ad12f102 [3mname[0m[2m=[0m85" The Frame [3mhost[0m[2m=[0m192.168.1.206 [3mport[0m[2m=[0m8009
[2m2026-08-01T02:25:43.204921Z[0m [32m INFO[0m [2mastro_dnssd::os::apple::register[0m[2m:[0m Got reply
[2m2026-08-01T02:25:43.205171Z[0m [32m INFO[0m [2mastro_dnssd::os::apple::register[0m[2m:[0m Reply info sent
[2m2026-08-01T02:25:43.205229Z[0m [32m INFO[0m [2mshairplay::net::mdns[0m[2m:[0m mDNS: _airplay._tcp registered [3mname[0m[2m=[0m85" The Frame [3mport[0m[2m=[0m5123
[2m2026-08-01T02:25:43.205261Z[0m [32m INFO[0m [2mplay_on_air::airplay[0m[2m:[0m AirPlay 2 receiver started [3mdevice_id[0m[2m=[0mf9ef5eee64e7c7b386849065ad12f102 [3mname[0m[2m=[0m85" The Frame
[2m2026-08-01T02:25:43.205720Z[0m [34mDEBUG[0m [2mplay_on_air::airplay[0m[2m:[0m AirPlay 2 receiver identity assigned [3mdevice_id[0m[2m=[0m7e5621b9975022b24ef6a17173a19135 [3mport[0m[2m=[0m5602 [3mhwaddr[0m[2m=[0m2a:7f:dc:93:22:66
[2m2026-08-01T02:25:43.206390Z[0m [33m WARN[0m [2mshairplay::net::ptp[0m[2m:[0m PTP sink: cannot bind (ports <1024 may need sudo / setcap CAP_NET_BIND_SERVICE) [3mport[0m[2m=[0m319 [3merror[0m[2m=[0mAddress already in use (os error 48)
[2m2026-08-01T02:25:43.206492Z[0m [33m WARN[0m [2mshairplay::net::ptp[0m[2m:[0m PTP sink: cannot bind (ports <1024 may need sudo / setcap CAP_NET_BIND_SERVICE) [3mport[0m[2m=[0m320 [3merror[0m[2m=[0mAddress already in use (os error 48)
[2m2026-08-01T02:25:43.954263Z[0m [32m INFO[0m [2mastro_dnssd::os::apple::register[0m[2m:[0m Got reply
[2m2026-08-01T02:25:43.954363Z[0m [32m INFO[0m [2mastro_dnssd::os::apple::register[0m[2m:[0m Reply info sent
[2m2026-08-01T02:25:43.954451Z[0m [32m INFO[0m [2mshairplay::net::mdns[0m[2m:[0m mDNS: _raop._tcp registered [3mname[0m[2m=[0m2A7FDC932266@Master Bedroom speaker [3mport[0m[2m=[0m5602
[2m2026-08-01T02:25:44.654080Z[0m [32m INFO[0m [2mastro_dnssd::os::apple::register[0m[2m:[0m Got reply
[2m2026-08-01T02:25:44.654123Z[0m [32m INFO[0m [2mastro_dnssd::os::apple::register[0m[2m:[0m Reply info sent
[2m2026-08-01T02:25:44.654159Z[0m [32m INFO[0m [2mshairplay::net::mdns[0m[2m:[0m mDNS: _airplay._tcp registered [3mname[0m[2m=[0mMaster Bedroom speaker [3mport[0m[2m=[0m5602
[2m2026-08-01T02:25:44.654182Z[0m [32m INFO[0m [2mplay_on_air::airplay[0m[2m:[0m AirPlay 2 receiver started [3mdevice_id[0m[2m=[0m7e5621b9975022b24ef6a17173a19135 [3mname[0m[2m=[0mMaster Bedroom speaker
[2m2026-08-01T02:25:48.119547Z[0m [32m INFO[0m [2mplay_on_air::discover[0m[2m:[0m Chromecast appeared [3mid[0m[2m=[0mf9ef5eee64e7c7b386849065ad12f102 [3mname[0m[2m=[0m85" The Frame [3mhost[0m[2m=[0m192.168.1.206 [3mport[0m[2m=[0m8009
[2m2026-08-01T02:25:48.137528Z[0m [32m INFO[0m [2mplay_on_air::discover[0m[2m:[0m Chromecast appeared [3mid[0m[2m=[0md417a9b9bf1ebe211639512dad18be1d [3mname[0m[2m=[0mPool Bathroom speaker [3mhost[0m[2m=[0m192.168.1.145 [3mport[0m[2m=[0m8009
[2m2026-08-01T02:25:48.153137Z[0m [32m INFO[0m [2mplay_on_air::discover[0m[2m:[0m Chromecast appeared [3mid[0m[2m=[0md417a9b9bf1ebe211639512dad18be1d [3mname[0m[2m=[0mPool Bathroom speaker [3mhost[0m[2m=[0m192.168.1.145 [3mport[0m[2m=[0m8009
[2m2026-08-01T02:25:48.169520Z[0m [32m INFO[0m [2mplay_on_air::discover[0m[2m:[0m Chromecast appeared [3mid[0m[2m=[0m7e5621b9975022b24ef6a17173a19135 [3mname[0m[2m=[0mMaster Bedroom speaker [3mhost[0m[2m=[0m192.168.1.171 [3mport[0m[2m=[0m8009
[2m2026-08-01T02:25:48.183430Z[0m [32m INFO[0m [2mplay_on_air::discover[0m[2m:[0m Chromecast appeared [3mid[0m[2m=[0m56cb7fe7e13f325625325c4a304c57fa [3mname[0m[2m=[0mGym speaker [3mhost[0m[2m=[0m192.168.1.213 [3mport[0m[2m=[0m8009
[2m2026-08-01T02:25:48.196413Z[0m [32m INFO[0m [2mplay_on_air::discover[0m[2m:[0m Chromecast appeared [3mid[0m[2m=[0m7e5621b9975022b24ef6a17173a19135 [3mname[0m[2m=[0mMaster Bedroom speaker [3mhost[0m[2m=[0m192.168.1.171 [3mport[0m[2m=[0m8009
[2m2026-08-01T02:25:48.208934Z[0m [32m INFO[0m [2mplay_on_air::discover[0m[2m:[0m Chromecast appeared [3mid[0m[2m=[0m56cb7fe7e13f325625325c4a304c57fa [3mname[0m[2m=[0mGym speaker [3mhost[0m[2m=[0m192.168.1.213 [3mport[0m[2m=[0m8009
[2m2026-08-01T02:26:08.216205Z[0m [32m INFO[0m [2mshairplay::net::server[0m[2m:[0m New connection [3mremote[0m[2m=[0m[fe80::144b:7cf2:7094:54f4%15]:55591
[2m2026-08-01T02:26:08.216463Z[0m [32m INFO[0m [2mshairplay::net::server[0m[2m:[0m New connection [3mremote[0m[2m=[0m[fe80::144b:7cf2:7094:54f4%15]:55590
[2m2026-08-01T02:26:08.216205Z[0m [32m INFO[0m [2mshairplay::net::server[0m[2m:[0m New connection [3mremote[0m[2m=[0m[fe80::144b:7cf2:7094:54f4%15]:55589
[2m2026-08-01T02:26:08.217143Z[0m [32m INFO[0m [2mshairplay::net::server[0m[2m:[0m New connection [3mremote[0m[2m=[0m[fe80::144b:7cf2:7094:54f4%15]:55592
[2m2026-08-01T02:26:08.314422Z[0m [32m INFO[0m [2mshairplay::raop::connection[0m[2m:[0m RTSP request [3melapsed_ms[0m[2m=[0m96 [3mmethod[0m[2m=[0m"GET" [3murl[0m[2m=[0m"/info"
[2m2026-08-01T02:26:08.316454Z[0m [32m INFO[0m [2mshairplay::raop::connection[0m[2m:[0m RTSP request [3melapsed_ms[0m[2m=[0m98 [3mmethod[0m[2m=[0m"GET" [3murl[0m[2m=[0m"/info"
[2m2026-08-01T02:26:08.316490Z[0m [32m INFO[0m [2mshairplay::raop::connection[0m[2m:[0m RTSP request [3melapsed_ms[0m[2m=[0m98 [3mmethod[0m[2m=[0m"GET" [3murl[0m[2m=[0m"/info"
[2m2026-08-01T02:26:08.316992Z[0m [32m INFO[0m [2mshairplay::raop::connection[0m[2m:[0m RTSP request [3melapsed_ms[0m[2m=[0m98 [3mmethod[0m[2m=[0m"GET" [3murl[0m[2m=[0m"/info"
[2m2026-08-01T02:26:08.340305Z[0m [32m INFO[0m [2mshairplay::raop::connection[0m[2m:[0m RTSP request [3melapsed_ms[0m[2m=[0m122 [3mmethod[0m[2m=[0m"POST" [3murl[0m[2m=[0m"/pair-setup"
[2m2026-08-01T02:26:08.340282Z[0m [32m INFO[0m [2mshairplay::raop::connection[0m[2m:[0m RTSP request [3melapsed_ms[0m[2m=[0m122 [3mmethod[0m[2m=[0m"POST" [3murl[0m[2m=[0m"/pair-setup"
[2m2026-08-01T02:26:08.340417Z[0m [32m INFO[0m [2mshairplay::raop::connection[0m[2m:[0m RTSP request [3melapsed_ms[0m[2m=[0m122 [3mmethod[0m[2m=[0m"POST" [3murl[0m[2m=[0m"/pair-setup"
[2m2026-08-01T02:26:08.340487Z[0m [32m INFO[0m [2mshairplay::raop::handlers_ap2[0m[2m:[0m AP2 pair-setup M1 received
[2m2026-08-01T02:26:08.340504Z[0m [32m INFO[0m [2mshairplay::raop::handlers_ap2[0m[2m:[0m AP2 pair-setup M1 received
[2m2026-08-01T02:26:08.340282Z[0m [32m INFO[0m [2mshairplay::raop::connection[0m[2m:[0m RTSP request [3melapsed_ms[0m[2m=[0m122 [3mmethod[0m[2m=[0m"POST" [3murl[0m[2m=[0m"/pair-setup"
[2m2026-08-01T02:26:08.340567Z[0m [32m INFO[0m [2mshairplay::raop::handlers_ap2[0m[2m:[0m AP2 pair-setup M1 received
[2m2026-08-01T02:26:08.340487Z[0m [32m INFO[0m [2mshairplay::raop::handlers_ap2[0m[2m:[0m AP2 pair-setup M1 received
[2m2026-08-01T02:26:08.846078Z[0m [32m INFO[0m [2mshairplay::raop::connection[0m[2m:[0m RTSP request [3melapsed_ms[0m[2m=[0m628 [3mmethod[0m[2m=[0m"POST" [3murl[0m[2m=[0m"/pair-setup"
[2m2026-08-01T02:26:08.846117Z[0m [32m INFO[0m [2mshairplay::raop::connection[0m[2m:[0m RTSP request [3melapsed_ms[0m[2m=[0m628 [3mmethod[0m[2m=[0m"POST" [3murl[0m[2m=[0m"/pair-setup"
[2m2026-08-01T02:26:08.846218Z[0m [32m INFO[0m [2mshairplay::raop::connection[0m[2m:[0m RTSP request [3melapsed_ms[0m[2m=[0m628 [3mmethod[0m[2m=[0m"POST" [3murl[0m[2m=[0m"/pair-setup"
[2m2026-08-01T02:26:08.846061Z[0m [32m INFO[0m [2mshairplay::raop::connection[0m[2m:[0m RTSP request [3melapsed_ms[0m[2m=[0m628 [3mmethod[0m[2m=[0m"POST" [3murl[0m[2m=[0m"/pair-setup"
[2m2026-08-01T02:26:08.946425Z[0m [32m INFO[0m [2mshairplay::raop::handlers_ap2[0m[2m:[0m AP2 transient pair-setup complete
[2m2026-08-01T02:26:08.946566Z[0m [32m INFO[0m [2mshairplay::raop::connection[0m[2m:[0m Encrypted RTSP transport activated
[2m2026-08-01T02:26:08.947450Z[0m [32m INFO[0m [2mshairplay::raop::handlers_ap2[0m[2m:[0m AP2 transient pair-setup complete
[2m2026-08-01T02:26:08.947582Z[0m [32m INFO[0m [2mshairplay::raop::connection[0m[2m:[0m Encrypted RTSP transport activated
[2m2026-08-01T02:26:08.947633Z[0m [32m INFO[0m [2mshairplay::raop::handlers_ap2[0m[2m:[0m AP2 transient pair-setup complete
[2m2026-08-01T02:26:08.947639Z[0m [32m INFO[0m [2mshairplay::raop::handlers_ap2[0m[2m:[0m AP2 transient pair-setup complete
[2m2026-08-01T02:26:08.947736Z[0m [32m INFO[0m [2mshairplay::raop::connection[0m[2m:[0m Encrypted RTSP transport activated
[2m2026-08-01T02:26:08.947740Z[0m [32m INFO[0m [2mshairplay::raop::connection[0m[2m:[0m Encrypted RTSP transport activated
[2m2026-08-01T02:26:08.960915Z[0m [32m INFO[0m [2mshairplay::raop::connection[0m[2m:[0m RTSP request [3melapsed_ms[0m[2m=[0m743 [3mmethod[0m[2m=[0m"POST" [3murl[0m[2m=[0m"/fp-setup"
[2m2026-08-01T02:26:08.960915Z[0m [32m INFO[0m [2mshairplay::raop::connection[0m[2m:[0m RTSP request [3melapsed_ms[0m[2m=[0m743 [3mmethod[0m[2m=[0m"POST" [3murl[0m[2m=[0m"/fp-setup"
[2m2026-08-01T02:26:08.960916Z[0m [32m INFO[0m [2mshairplay::raop::connection[0m[2m:[0m RTSP request [3melapsed_ms[0m[2m=[0m743 [3mmethod[0m[2m=[0m"POST" [3murl[0m[2m=[0m"/fp-setup"
[2m2026-08-01T02:26:08.960925Z[0m [32m INFO[0m [2mshairplay::raop::connection[0m[2m:[0m RTSP request [3melapsed_ms[0m[2m=[0m743 [3mmethod[0m[2m=[0m"POST" [3murl[0m[2m=[0m"/fp-setup"
[2m2026-08-01T02:26:08.977227Z[0m [32m INFO[0m [2mshairplay::raop::connection[0m[2m:[0m RTSP request [3melapsed_ms[0m[2m=[0m759 [3mmethod[0m[2m=[0m"POST" [3murl[0m[2m=[0m"/fp-setup"
[2m2026-08-01T02:26:08.977413Z[0m [32m INFO[0m [2mshairplay::raop::connection[0m[2m:[0m RTSP request [3melapsed_ms[0m[2m=[0m759 [3mmethod[0m[2m=[0m"POST" [3murl[0m[2m=[0m"/fp-setup"
[2m2026-08-01T02:26:08.977424Z[0m [32m INFO[0m [2mshairplay::raop::connection[0m[2m:[0m RTSP request [3melapsed_ms[0m[2m=[0m759 [3mmethod[0m[2m=[0m"POST" [3murl[0m[2m=[0m"/fp-setup"
[2m2026-08-01T02:26:08.977435Z[0m [32m INFO[0m [2mshairplay::raop::connection[0m[2m:[0m RTSP request [3melapsed_ms[0m[2m=[0m759 [3mmethod[0m[2m=[0m"POST" [3murl[0m[2m=[0m"/fp-setup"
[2m2026-08-01T02:26:08.989175Z[0m [32m INFO[0m [2mshairplay::raop::connection[0m[2m:[0m RTSP request [3melapsed_ms[0m[2m=[0m771 [3mmethod[0m[2m=[0m"SETUP" [3murl[0m[2m=[0m"rtsp://fe80::14f9:bcef:8be7:3fa4/3478600400266609991"
[2m2026-08-01T02:26:08.989356Z[0m [32m INFO[0m [2mshairplay::raop::handlers_ap2[0m[2m:[0m SETUP plist [3mkeys[0m[2m=[0m["name", "updateSessionRequest", "statsCollectionEnabled", "isRemoteControlOnly", "sessionUUID", "osName", "timingProtocol", "osBuildVersion", "sourceVersion", "osVersion", "combinedGetInfoWithControlSetup", "sessionCorrelationUUID", "internalBuild", "deviceID", "diagnosticsAndUsage", "model", "macAddress"] [3mhas_streams[0m[2m=[0mfalse [3mis_mirror[0m[2m=[0mfalse [3mhas_ekey[0m[2m=[0mfalse [3mtiming[0m[2m=[0m"None"
[2m2026-08-01T02:26:08.989384Z[0m [32m INFO[0m [2mshairplay::raop::handlers_ap2[0m[2m:[0m Remote Control Only connection - establishing event channel
[2m2026-08-01T02:26:08.989813Z[0m [32m INFO[0m [2mshairplay::raop::connection[0m[2m:[0m RTSP request [3melapsed_ms[0m[2m=[0m772 [3mmethod[0m[2m=[0m"SETUP" [3murl[0m[2m=[0m"rtsp://fe80::14f9:bcef:8be7:3fa4/1188785118858006049"
[2m2026-08-01T02:26:08.989820Z[0m [32m INFO[0m [2mshairplay::raop::connection[0m[2m:[0m RTSP request [3melapsed_ms[0m[2m=[0m772 [3mmethod[0m[2m=[0m"SETUP" [3murl[0m[2m=[0m"rtsp://fe80::14f9:bcef:8be7:3fa4/13967228235689512483"
[2m2026-08-01T02:26:08.989832Z[0m [32m INFO[0m [2mshairplay::raop::connection[0m[2m:[0m RTSP request [3melapsed_ms[0m[2m=[0m772 [3mmethod[0m[2m=[0m"SETUP" [3murl[0m[2m=[0m"rtsp://fe80::14f9:bcef:8be7:3fa4/16233006913666040879"
[2m2026-08-01T02:26:08.989869Z[0m [32m INFO[0m [2mshairplay::raop::handlers_ap2[0m[2m:[0m SETUP plist [3mkeys[0m[2m=[0m["name", "updateSessionRequest", "statsCollectionEnabled", "isRemoteControlOnly", "sessionUUID", "osName", "timingProtocol", "osBuildVersion", "sourceVersion", "osVersion", "combinedGetInfoWithControlSetup", "sessionCorrelationUUID", "internalBuild", "deviceID", "diagnosticsAndUsage", "model", "macAddress"] [3mhas_streams[0m[2m=[0mfalse [3mis_mirror[0m[2m=[0mfalse [3mhas_ekey[0m[2m=[0mfalse [3mtiming[0m[2m=[0m"None"
[2m2026-08-01T02:26:08.989878Z[0m [32m INFO[0m [2mshairplay::raop::handlers_ap2[0m[2m:[0m Remote Control Only connection - establishing event channel
[2m2026-08-01T02:26:08.989878Z[0m [32m INFO[0m [2mshairplay::raop::handlers_ap2[0m[2m:[0m SETUP plist [3mkeys[0m[2m=[0m["name", "updateSessionRequest", "statsCollectionEnabled", "isRemoteControlOnly", "sessionUUID", "osName", "timingProtocol", "osBuildVersion", "sourceVersion", "osVersion", "combinedGetInfoWithControlSetup", "sessionCorrelationUUID", "internalBuild", "deviceID", "diagnosticsAndUsage", "model", "macAddress"] [3mhas_streams[0m[2m=[0mfalse [3mis_mirror[0m[2m=[0mfalse [3mhas_ekey[0m[2m=[0mfalse [3mtiming[0m[2m=[0m"None"
[2m2026-08-01T02:26:08.989889Z[0m [32m INFO[0m [2mshairplay::raop::handlers_ap2[0m[2m:[0m Remote Control Only connection - establishing event channel
[2m2026-08-01T02:26:08.989890Z[0m [32m INFO[0m [2mshairplay::raop::handlers_ap2[0m[2m:[0m SETUP plist [3mkeys[0m[2m=[0m["name", "updateSessionRequest", "statsCollectionEnabled", "isRemoteControlOnly", "sessionUUID", "osName", "timingProtocol", "osBuildVersion", "sourceVersion", "osVersion", "combinedGetInfoWithControlSetup", "sessionCorrelationUUID", "internalBuild", "deviceID", "diagnosticsAndUsage", "model", "macAddress"] [3mhas_streams[0m[2m=[0mfalse [3mis_mirror[0m[2m=[0mfalse [3mhas_ekey[0m[2m=[0mfalse [3mtiming[0m[2m=[0m"None"
[2m2026-08-01T02:26:08.989907Z[0m [32m INFO[0m [2mshairplay::raop::handlers_ap2[0m[2m:[0m Remote Control Only connection - establishing event channel
[2m2026-08-01T02:26:09.245449Z[0m [32m INFO[0m [2mshairplay::raop::handlers_ap2[0m[2m:[0m RC event channel client connected [3maddr[0m[2m=[0m[fe80::144b:7cf2:7094:54f4%15]:55596
[2m2026-08-01T02:26:09.245463Z[0m [32m INFO[0m [2mshairplay::raop::connection[0m[2m:[0m RTSP request [3melapsed_ms[0m[2m=[0m1027 [3mmethod[0m[2m=[0m"GET" [3murl[0m[2m=[0m"/info"
[2m2026-08-01T02:26:09.245510Z[0m [32m INFO[0m [2mshairplay::raop::connection[0m[2m:[0m RTSP request [3melapsed_ms[0m[2m=[0m1027 [3mmethod[0m[2m=[0m"GET" [3murl[0m[2m=[0m"/info"
[2m2026-08-01T02:26:09.245516Z[0m [32m INFO[0m [2mshairplay::raop::handlers_ap2[0m[2m:[0m RC event channel client connected [3maddr[0m[2m=[0m[fe80::144b:7cf2:7094:54f4%15]:55595
[2m2026-08-01T02:26:09.245603Z[0m [32m INFO[0m [2mshairplay::raop::handlers_ap2[0m[2m:[0m RC event channel client connected [3maddr[0m[2m=[0m[fe80::144b:7cf2:7094:54f4%15]:55594
[2m2026-08-01T02:26:09.245655Z[0m [32m INFO[0m [2mshairplay::raop::handlers_ap2[0m[2m:[0m RC event channel client connected [3maddr[0m[2m=[0m[fe80::144b:7cf2:7094:54f4%15]:55593
[2m2026-08-01T02:26:09.245768Z[0m [32m INFO[0m [2mshairplay::raop::connection[0m[2m:[0m RTSP request [3melapsed_ms[0m[2m=[0m1028 [3mmethod[0m[2m=[0m"GET" [3murl[0m[2m=[0m"/info"
[2m2026-08-01T02:26:09.245482Z[0m [32m INFO[0m [2mshairplay::raop::connection[0m[2m:[0m RTSP request [3melapsed_ms[0m[2m=[0m1027 [3mmethod[0m[2m=[0m"GET" [3murl[0m[2m=[0m"/info"
[2m2026-08-01T02:26:09.257270Z[0m [32m INFO[0m [2mshairplay::raop::connection[0m[2m:[0m RTSP request [3melapsed_ms[0m[2m=[0m1039 [3mmethod[0m[2m=[0m"RECORD" [3murl[0m[2m=[0m"rtsp://fe80::14f9:bcef:8be7:3fa4/3478600400266609991"
[2m2026-08-01T02:26:09.259834Z[0m [32m INFO[0m [2mshairplay::raop::connection[0m[2m:[0m RTSP request [3melapsed_ms[0m[2m=[0m1042 [3mmethod[0m[2m=[0m"RECORD" [3murl[0m[2m=[0m"rtsp://fe80::14f9:bcef:8be7:3fa4/1188785118858006049"
[2m2026-08-01T02:26:09.259871Z[0m [32m INFO[0m [2mshairplay::raop::connection[0m[2m:[0m RTSP request [3melapsed_ms[0m[2m=[0m1042 [3mmethod[0m[2m=[0m"RECORD" [3murl[0m[2m=[0m"rtsp://fe80::14f9:bcef:8be7:3fa4/16233006913666040879"
[2m2026-08-01T02:26:09.260054Z[0m [32m INFO[0m [2mshairplay::raop::connection[0m[2m:[0m RTSP request [3melapsed_ms[0m[2m=[0m1042 [3mmethod[0m[2m=[0m"RECORD" [3murl[0m[2m=[0m"rtsp://fe80::14f9:bcef:8be7:3fa4/13967228235689512483"
[2m2026-08-01T02:26:09.376377Z[0m [32m INFO[0m [2mshairplay::raop::connection[0m[2m:[0m RTSP request [3melapsed_ms[0m[2m=[0m1158 [3mmethod[0m[2m=[0m"SETUP" [3murl[0m[2m=[0m"rtsp://fe80::14f9:bcef:8be7:3fa4/3478600400266609991"
[2m2026-08-01T02:26:09.376627Z[0m [32m INFO[0m [2mshairplay::raop::handlers_ap2[0m[2m:[0m SETUP plist [3mkeys[0m[2m=[0m["streams"] [3mhas_streams[0m[2m=[0mtrue [3mis_mirror[0m[2m=[0mfalse [3mhas_ekey[0m[2m=[0mfalse [3mtiming[0m[2m=[0m""
[2m2026-08-01T02:26:09.376815Z[0m [32m INFO[0m [2mshairplay::raop::handlers_ap2[0m[2m:[0m Stream SETUP [3mstream_type[0m[2m=[0m130 [3mstream_keys[0m[2m=[0m["clientUUID", "clientTypeUUID", "channelID", "controlType", "type"]
[2m2026-08-01T02:26:09.376928Z[0m [32m INFO[0m [2mshairplay::raop::handlers_ap2[0m[2m:[0m Remote Control stream setup (type 130)
[2m2026-08-01T02:26:09.380364Z[0m [32m INFO[0m [2mshairplay::raop::connection[0m[2m:[0m RTSP request [3melapsed_ms[0m[2m=[0m1162 [3mmethod[0m[2m=[0m"SETUP" [3murl[0m[2m=[0m"rtsp://fe80::14f9:bcef:8be7:3fa4/16233006913666040879"
[2m2026-08-01T02:26:09.380486Z[0m [32m INFO[0m [2mshairplay::raop::handlers_ap2[0m[2m:[0m SETUP plist [3mkeys[0m[2m=[0m["streams"] [3mhas_streams[0m[2m=[0mtrue [3mis_mirror[0m[2m=[0mfalse [3mhas_ekey[0m[2m=[0mfalse [3mtiming[0m[2m=[0m""
[2m2026-08-01T02:26:09.380511Z[0m [32m INFO[0m [2mshairplay::raop::handlers_ap2[0m[2m:[0m Stream SETUP [3mstream_type[0m[2m=[0m130 [3mstream_keys[0m[2m=[0m["clientUUID", "clientTypeUUID", "channelID", "controlType", "type"]
[2m2026-08-01T02:26:09.380530Z[0m [32m INFO[0m [2mshairplay::raop::handlers_ap2[0m[2m:[0m Remote Control stream setup (type 130)
[2m2026-08-01T02:26:09.387742Z[0m [32m INFO[0m [2mshairplay::raop::connection[0m[2m:[0m RTSP request [3melapsed_ms[0m[2m=[0m1170 [3mmethod[0m[2m=[0m"POST" [3murl[0m[2m=[0m"/command"
[2m2026-08-01T02:26:09.388962Z[0m [32m INFO[0m [2mshairplay::raop::connection[0m[2m:[0m RTSP request [3melapsed_ms[0m[2m=[0m1171 [3mmethod[0m[2m=[0m"SETUP" [3murl[0m[2m=[0m"rtsp://fe80::14f9:bcef:8be7:3fa4/1188785118858006049"
[2m2026-08-01T02:26:09.389711Z[0m [32m INFO[0m [2mshairplay::raop::handlers_ap2[0m[2m:[0m SETUP plist [3mkeys[0m[2m=[0m["streams"] [3mhas_streams[0m[2m=[0mtrue [3mis_mirror[0m[2m=[0mfalse [3mhas_ekey[0m[2m=[0mfalse [3mtiming[0m[2m=[0m""
[2m2026-08-01T02:26:09.389757Z[0m [32m INFO[0m [2mshairplay::raop::handlers_ap2[0m[2m:[0m Stream SETUP [3mstream_type[0m[2m=[0m130 [3mstream_keys[0m[2m=[0m["clientUUID", "clientTypeUUID", "channelID", "controlType", "type"]
[2m2026-08-01T02:26:09.389776Z[0m [32m INFO[0m [2mshairplay::raop::handlers_ap2[0m[2m:[0m Remote Control stream setup (type 130)
[2m2026-08-01T02:26:09.392535Z[0m [32m INFO[0m [2mshairplay::raop::connection[0m[2m:[0m RTSP request [3melapsed_ms[0m[2m=[0m1174 [3mmethod[0m[2m=[0m"POST" [3murl[0m[2m=[0m"/command"
[2m2026-08-01T02:26:09.393967Z[0m [32m INFO[0m [2mshairplay::raop::connection[0m[2m:[0m RTSP request [3melapsed_ms[0m[2m=[0m1176 [3mmethod[0m[2m=[0m"SETUP" [3murl[0m[2m=[0m"rtsp://fe80::14f9:bcef:8be7:3fa4/13967228235689512483"
[2m2026-08-01T02:26:09.394326Z[0m [32m INFO[0m [2mshairplay::raop::handlers_ap2[0m[2m:[0m SETUP plist [3mkeys[0m[2m=[0m["streams"] [3mhas_streams[0m[2m=[0mtrue [3mis_mirror[0m[2m=[0mfalse [3mhas_ekey[0m[2m=[0mfalse [3mtiming[0m[2m=[0m""
[2m2026-08-01T02:26:09.394354Z[0m [32m INFO[0m [2mshairplay::raop::handlers_ap2[0m[2m:[0m Stream SETUP [3mstream_type[0m[2m=[0m130 [3mstream_keys[0m[2m=[0m["clientUUID", "clientTypeUUID", "channelID", "controlType", "type"]
[2m2026-08-01T02:26:09.394371Z[0m [32m INFO[0m [2mshairplay::raop::handlers_ap2[0m[2m:[0m Remote Control stream setup (type 130)
[2m2026-08-01T02:26:09.408865Z[0m [32m INFO[0m [2mshairplay::raop::connection[0m[2m:[0m RTSP request [3melapsed_ms[0m[2m=[0m1191 [3mmethod[0m[2m=[0m"POST" [3murl[0m[2m=[0m"/command"
[2m2026-08-01T02:26:09.409509Z[0m [32m INFO[0m [2mshairplay::raop::connection[0m[2m:[0m RTSP request [3melapsed_ms[0m[2m=[0m1191 [3mmethod[0m[2m=[0m"POST" [3murl[0m[2m=[0m"/command"
[2m2026-08-01T02:26:20.188569Z[0m [32m INFO[0m [2mshairplay::raop::connection[0m[2m:[0m RTSP request [3melapsed_ms[0m[2m=[0m11970 [3mmethod[0m[2m=[0m"TEARDOWN" [3murl[0m[2m=[0m"rtsp://fe80::14f9:bcef:8be7:3fa4/1188785118858006049"
[2m2026-08-01T02:26:20.188813Z[0m [32m INFO[0m [2mshairplay::raop::connection[0m[2m:[0m RTSP request [3melapsed_ms[0m[2m=[0m11971 [3mmethod[0m[2m=[0m"TEARDOWN" [3murl[0m[2m=[0m"rtsp://fe80::14f9:bcef:8be7:3fa4/13967228235689512483"
[2m2026-08-01T02:26:20.188569Z[0m [32m INFO[0m [2mshairplay::raop::connection[0m[2m:[0m RTSP request [3melapsed_ms[0m[2m=[0m11970 [3mmethod[0m[2m=[0m"TEARDOWN" [3murl[0m[2m=[0m"rtsp://fe80::14f9:bcef:8be7:3fa4/3478600400266609991"
[2m2026-08-01T02:26:20.189526Z[0m [32m INFO[0m [2mshairplay::raop::connection[0m[2m:[0m RTSP request [3melapsed_ms[0m[2m=[0m11971 [3mmethod[0m[2m=[0m"TEARDOWN" [3murl[0m[2m=[0m"rtsp://fe80::14f9:bcef:8be7:3fa4/16233006913666040879"
[2m2026-08-01T02:26:21.775968Z[0m [32m INFO[0m [2mshairplay::net::server[0m[2m:[0m New connection [3mremote[0m[2m=[0m[fe80::144b:7cf2:7094:54f4%13]:55597
[2m2026-08-01T02:26:21.777953Z[0m [32m INFO[0m [2mshairplay::raop::connection[0m[2m:[0m RTSP request [3melapsed_ms[0m[2m=[0m1 [3mmethod[0m[2m=[0m"GET" [3murl[0m[2m=[0m"/info"
[2m2026-08-01T02:26:21.786145Z[0m [32m INFO[0m [2mshairplay::raop::connection[0m[2m:[0m RTSP request [3melapsed_ms[0m[2m=[0m9 [3mmethod[0m[2m=[0m"POST" [3murl[0m[2m=[0m"/pair-setup"
[2m2026-08-01T02:26:21.786241Z[0m [32m INFO[0m [2mshairplay::raop::handlers_ap2[0m[2m:[0m AP2 pair-setup M1 received
[2m2026-08-01T02:26:21.921514Z[0m [32m INFO[0m [2mshairplay::raop::connection[0m[2m:[0m RTSP request [3melapsed_ms[0m[2m=[0m145 [3mmethod[0m[2m=[0m"POST" [3murl[0m[2m=[0m"/pair-setup"
[2m2026-08-01T02:26:21.981086Z[0m [32m INFO[0m [2mshairplay::raop::handlers_ap2[0m[2m:[0m AP2 transient pair-setup complete
[2m2026-08-01T02:26:21.981246Z[0m [32m INFO[0m [2mshairplay::raop::connection[0m[2m:[0m Encrypted RTSP transport activated
[2m2026-08-01T02:26:21.984787Z[0m [32m INFO[0m [2mshairplay::raop::connection[0m[2m:[0m RTSP request [3melapsed_ms[0m[2m=[0m208 [3mmethod[0m[2m=[0m"POST" [3murl[0m[2m=[0m"/fp-setup"
[2m2026-08-01T02:26:21.988391Z[0m [32m INFO[0m [2mshairplay::raop::connection[0m[2m:[0m RTSP request [3melapsed_ms[0m[2m=[0m212 [3mmethod[0m[2m=[0m"POST" [3murl[0m[2m=[0m"/fp-setup"
[2m2026-08-01T02:26:22.012453Z[0m [32m INFO[0m [2mshairplay::raop::connection[0m[2m:[0m RTSP request [3melapsed_ms[0m[2m=[0m236 [3mmethod[0m[2m=[0m"SETUP" [3murl[0m[2m=[0m"rtsp://fe80::102b:a324:28be:3b6/12819702715106085910"
[2m2026-08-01T02:26:22.012598Z[0m [32m INFO[0m [2mshairplay::raop::handlers_ap2[0m[2m:[0m SETUP plist [3mkeys[0m[2m=[0m["osVersion", "timingPeerList", "internalBuild", "isMultiSelectAirPlay", "combinedGetInfoWithControlSetup", "name", "sessionCorrelationUUID", "groupUUID", "deviceID", "timingProtocol", "diagnosticsAndUsage", "timingPeerInfo", "sourceVersion", "model", "groupContainsGroupLeader", "statsCollectionEnabled", "supportsGroupCohesion", "macAddress", "senderSupportsRelay", "sessionUUID", "osBuildVersion", "updateSessionRequest", "osName", "asyncPTPClockConfig"] [3mhas_streams[0m[2m=[0mfalse [3mis_mirror[0m[2m=[0mfalse [3mhas_ekey[0m[2m=[0mfalse [3mtiming[0m[2m=[0m"PTP"
[2m2026-08-01T02:26:22.012705Z[0m [32m INFO[0m [2mshairplay::raop::handlers_ap2[0m[2m:[0m Event channel opened [3mevent_port[0m[2m=[0m59473
[2m2026-08-01T02:26:22.021661Z[0m [32m INFO[0m [2mshairplay::raop::handlers_ap2[0m[2m:[0m Event channel client connected [3maddr[0m[2m=[0m[fe80::144b:7cf2:7094:54f4%13]:55598
[2m2026-08-01T02:26:22.061614Z[0m [32m INFO[0m [2mshairplay::net::ptp[0m[2m:[0m PTP: receiving sender clock — AP2 timing path healthy [3mfrom[0m[2m=[0m[fe80::144b:7cf2:7094:54f4%13]:320
[2m2026-08-01T02:26:22.065243Z[0m [32m INFO[0m [2mshairplay::raop::connection[0m[2m:[0m RTSP request [3melapsed_ms[0m[2m=[0m289 [3mmethod[0m[2m=[0m"GET" [3murl[0m[2m=[0m"/info"
[2m2026-08-01T02:26:22.069693Z[0m [32m INFO[0m [2mshairplay::raop::connection[0m[2m:[0m RTSP request [3melapsed_ms[0m[2m=[0m293 [3mmethod[0m[2m=[0m"GET_PARAMETER" [3murl[0m[2m=[0m"rtsp://fe80::102b:a324:28be:3b6/12819702715106085910"
[2m2026-08-01T02:26:22.073212Z[0m [32m INFO[0m [2mshairplay::raop::connection[0m[2m:[0m RTSP request [3melapsed_ms[0m[2m=[0m297 [3mmethod[0m[2m=[0m"RECORD" [3murl[0m[2m=[0m"rtsp://fe80::102b:a324:28be:3b6/12819702715106085910"
[2m2026-08-01T02:26:22.076108Z[0m [32m INFO[0m [2mshairplay::raop::connection[0m[2m:[0m RTSP request [3melapsed_ms[0m[2m=[0m299 [3mmethod[0m[2m=[0m"SETPEERS" [3murl[0m[2m=[0m"rtsp://fe80::102b:a324:28be:3b6/12819702715106085910"
[2m2026-08-01T02:26:22.079111Z[0m [32m INFO[0m [2mshairplay::raop::connection[0m[2m:[0m RTSP request [3melapsed_ms[0m[2m=[0m302 [3mmethod[0m[2m=[0m"POST" [3murl[0m[2m=[0m"/command"
[2m2026-08-01T02:26:22.086147Z[0m [32m INFO[0m [2mshairplay::raop::connection[0m[2m:[0m RTSP request [3melapsed_ms[0m[2m=[0m309 [3mmethod[0m[2m=[0m"POST" [3murl[0m[2m=[0m"/command"
[2m2026-08-01T02:26:22.385670Z[0m [32m INFO[0m [2mshairplay::raop::connection[0m[2m:[0m RTSP request [3melapsed_ms[0m[2m=[0m608 [3mmethod[0m[2m=[0m"SETUP" [3murl[0m[2m=[0m"rtsp://fe80::102b:a324:28be:3b6/12819702715106085910"
[2m2026-08-01T02:26:22.386145Z[0m [32m INFO[0m [2mshairplay::raop::handlers_ap2[0m[2m:[0m SETUP plist [3mkeys[0m[2m=[0m["streams"] [3mhas_streams[0m[2m=[0mtrue [3mis_mirror[0m[2m=[0mfalse [3mhas_ekey[0m[2m=[0mfalse [3mtiming[0m[2m=[0m""
[2m2026-08-01T02:26:22.386252Z[0m [32m INFO[0m [2mshairplay::raop::handlers_ap2[0m[2m:[0m Stream SETUP [3mstream_type[0m[2m=[0m103 [3mstream_keys[0m[2m=[0m["clientID", "type", "audioMode", "ct", "streamConnectionID", "spf", "shk", "supportsDynamicStreamID", "audioFormat", "audioFormatIndex", "isMedia"]
[2m2026-08-01T02:26:22.386399Z[0m [32m INFO[0m [2mshairplay::raop::handlers_ap2[0m[2m:[0m AP2 buffered audio stream setup [3mstream_type[0m[2m=[0m103 [3maudio_format[0m[2m=[0m4194304
[2m2026-08-01T02:26:22.387484Z[0m [32m INFO[0m [2mshairplay::raop::handlers_ap2[0m[2m:[0m Buffered audio TCP port opened [3maudio_port[0m[2m=[0m59474
[2m2026-08-01T02:26:22.398837Z[0m [32m INFO[0m [2mshairplay::raop::buffered_audio[0m[2m:[0m Buffered audio client connected [3maddr[0m[2m=[0m[fe80::144b:7cf2:7094:54f4%13]:58238
[2m2026-08-01T02:26:22.490052Z[0m [32m INFO[0m [2mshairplay::raop::buffered_audio[0m[2m:[0m Audio format detected [3mssrc[0m[2m=[0mAac44100F24Stereo [3msrc_sr[0m[2m=[0m44100 [3msrc_ch[0m[2m=[0m2
[2m2026-08-01T02:26:22.522853Z[0m [32m INFO[0m [2mshairplay::raop::connection[0m[2m:[0m RTSP request [3melapsed_ms[0m[2m=[0m746 [3mmethod[0m[2m=[0m"POST" [3murl[0m[2m=[0m"/audioMode"
[2m2026-08-01T02:26:22.572686Z[0m [32m INFO[0m [2mshairplay::raop::connection[0m[2m:[0m RTSP request [3melapsed_ms[0m[2m=[0m796 [3mmethod[0m[2m=[0m"SETRATEANCHORTIME" [3murl[0m[2m=[0m"rtsp://fe80::102b:a324:28be:3b6/12819702715106085910"
[2m2026-08-01T02:26:22.572816Z[0m [32m INFO[0m [2mshairplay::raop::handlers_ap2[0m[2m:[0m AP2 play start [3mrtp_time[0m[2m=[0m1075929796 [3manchor_time_ns[0m[2m=[0m569058000000000
[2m2026-08-01T02:26:22.572958Z[0m [32m INFO[0m [2mshairplay::raop::buffered_audio[0m[2m:[0m Playout started [3manchor_rtp[0m[2m=[0m1075929796
[2m2026-08-01T02:26:22.573002Z[0m [32m INFO[0m [2mshairplay::raop::buffered_audio[0m[2m:[0m Audio session initialized [3mformat[0m[2m=[0mAudioFormat { codec: Pcm, bits: 32, channels: 2, sample_rate: 44100 }
[2m2026-08-01T02:26:22.621142Z[0m [32m INFO[0m [2mshairplay::raop::connection[0m[2m:[0m RTSP request [3melapsed_ms[0m[2m=[0m844 [3mmethod[0m[2m=[0m"SET_PARAMETER" [3murl[0m[2m=[0m"rtsp://fe80::102b:a324:28be:3b6/12819702715106085910"
[2m2026-08-01T02:26:22.652812Z[0m [32m INFO[0m [2mshairplay::raop::connection[0m[2m:[0m RTSP request [3melapsed_ms[0m[2m=[0m876 [3mmethod[0m[2m=[0m"SET_PARAMETER" [3murl[0m[2m=[0m"rtsp://fe80::102b:a324:28be:3b6/12819702715106085910"
[2m2026-08-01T02:26:22.713172Z[0m [32m INFO[0m [2mshairplay::raop::connection[0m[2m:[0m RTSP request [3melapsed_ms[0m[2m=[0m936 [3mmethod[0m[2m=[0m"SET_PARAMETER" [3murl[0m[2m=[0m"rtsp://fe80::102b:a324:28be:3b6/12819702715106085910"
[2m2026-08-01T02:26:22.832227Z[0m [32m INFO[0m [2mshairplay::raop::connection[0m[2m:[0m RTSP request [3melapsed_ms[0m[2m=[0m1056 [3mmethod[0m[2m=[0m"POST" [3murl[0m[2m=[0m"/command"
[2m2026-08-01T02:26:22.836029Z[0m [32m INFO[0m [2mshairplay::raop::connection[0m[2m:[0m RTSP request [3melapsed_ms[0m[2m=[0m1059 [3mmethod[0m[2m=[0m"SET_PARAMETER" [3murl[0m[2m=[0m"rtsp://fe80::102b:a324:28be:3b6/12819702715106085910"
[2m2026-08-01T02:26:22.839347Z[0m [32m INFO[0m [2mshairplay::raop::connection[0m[2m:[0m RTSP request [3melapsed_ms[0m[2m=[0m1063 [3mmethod[0m[2m=[0m"SET_PARAMETER" [3murl[0m[2m=[0m"rtsp://fe80::102b:a324:28be:3b6/12819702715106085910"
[2m2026-08-01T02:26:23.009672Z[0m [32m INFO[0m [2mshairplay::raop::connection[0m[2m:[0m RTSP request [3melapsed_ms[0m[2m=[0m1233 [3mmethod[0m[2m=[0m"SET_PARAMETER" [3murl[0m[2m=[0m"rtsp://fe80::102b:a324:28be:3b6/12819702715106085910"
[2m2026-08-01T02:26:23.225035Z[0m [32m INFO[0m [2mflacenc::par_run_stat::jsonl[0m[2m:[0m { worker_count: 14, frame_count: 1, worker_starvation_count: 1, md5_overdue: 1 }
[2m2026-08-01T02:26:23.234869Z[0m [32m INFO[0m [2mplay_on_air::bridge[0m[2m:[0m session FLAC snapshot ok [3mbytes[0m[2m=[0m4477 [3mframes[0m[2m=[0m2048
[2m2026-08-01T02:26:23.235342Z[0m [32m INFO[0m [2mplay_on_air::media::http[0m[2m:[0m media HTTP server listening [3mbase_url[0m[2m=[0mhttp://192.168.1.168:59477
[2m2026-08-01T02:26:23.235352Z[0m [32m INFO[0m [2mplay_on_air::bridge[0m[2m:[0m starting Cast progressive WAV bridge [3mdevice_id[0m[2m=[0m7e5621b9975022b24ef6a17173a19135 [3mcast[0m[2m=[0m192.168.1.171 [3mstream_url[0m[2m=[0mhttp://192.168.1.168:59477/stream [3mframes[0m[2m=[0m24576
[2m2026-08-01T02:26:23.254621Z[0m [33m WARN[0m [2mplay_on_air::bridge[0m[2m:[0m Cast load failed (device may be offline) [3mdevice_id[0m[2m=[0m7e5621b9975022b24ef6a17173a19135 [3merror[0m[2m=[0mcast error: connect 192.168.1.171:8009: No route to host (os error 65)
[2m2026-08-01T02:26:23.254638Z[0m [31mERROR[0m [2mplay_on_air::bridge[0m[2m:[0m failed to start Cast bridge session [3mdevice_id[0m[2m=[0m7e5621b9975022b24ef6a17173a19135 [3merror[0m[2m=[0mcast error: connect 192.168.1.171:8009: No route to host (os error 65)
[2m2026-08-01T02:26:30.000379Z[0m [32m INFO[0m [2mshairplay::raop::connection[0m[2m:[0m RTSP request [3melapsed_ms[0m[2m=[0m8224 [3mmethod[0m[2m=[0m"SETRATEANCHORTIME" [3murl[0m[2m=[0m"rtsp://fe80::102b:a324:28be:3b6/12819702715106085910"
[2m2026-08-01T02:26:30.001082Z[0m [32m INFO[0m [2mshairplay::raop::handlers_ap2[0m[2m:[0m AP2 play pause
[2m2026-08-01T02:26:30.002707Z[0m [32m INFO[0m [2mshairplay::raop::buffered_audio[0m[2m:[0m Playout paused
[2m2026-08-01T02:26:30.005223Z[0m [32m INFO[0m [2mshairplay::raop::connection[0m[2m:[0m RTSP request [3melapsed_ms[0m[2m=[0m8229 [3mmethod[0m[2m=[0m"FLUSHBUFFERED" [3murl[0m[2m=[0m"rtsp://fe80::102b:a324:28be:3b6/12819702715106085910"
[2m2026-08-01T02:28:03.701307Z[0m [32m INFO[0m [2mplay_on_air::discover[0m[2m:[0m Chromecast left [3mid[0m[2m=[0m56cb7fe7e13f325625325c4a304c57fa [3minstance[0m[2m=[0m"Nest-Audio-56cb7fe7e13f325625325c4a304c57fa"
[2m2026-08-01T02:28:03.701353Z[0m [32m INFO[0m [2mplay_on_air::discover[0m[2m:[0m Chromecast left [3mid[0m[2m=[0m7e5621b9975022b24ef6a17173a19135 [3minstance[0m[2m=[0m"Nest-Audio-7e5621b9975022b24ef6a17173a19135"
[2m2026-08-01T02:28:03.871614Z[0m [32m INFO[0m [2mplay_on_air::discover[0m[2m:[0m Chromecast appeared [3mid[0m[2m=[0m56cb7fe7e13f325625325c4a304c57fa [3mname[0m[2m=[0mGym speaker [3mhost[0m[2m=[0m192.168.1.213 [3mport[0m[2m=[0m8009
[2m2026-08-01T02:28:03.890236Z[0m [32m INFO[0m [2mplay_on_air::discover[0m[2m:[0m Chromecast appeared [3mid[0m[2m=[0m7e5621b9975022b24ef6a17173a19135 [3mname[0m[2m=[0mMaster Bedroom speaker [3mhost[0m[2m=[0m192.168.1.171 [3mport[0m[2m=[0m8009
